Circuit: * C:\Users\leona\Desktop\qpcb\hardware\yig_current_regulator\simulation\yig_current_regulator.asc

Error on line 6 : v1 n003 0 v
	 Unknown parameter "v"
V1: Missing value, assumed 0V @ DC
Direct Newton iteration failed to find .op point.  (Use ".option noopiter" to skip.)
Starting Gmin stepping
Gmin = 10
Gmin = 1.07374
Gmin = 0.115292
Gmin = 0.0123794
Gmin = 0.00132923
Gmin = 0.000142725
Gmin = 1.5325e-005
Gmin = 1.6455e-006
Gmin = 1.76685e-007
Gmin = 1.89714e-008
vernier = 0.5
vernier = 0.25
vernier = 0.125
vernier = 0.0625
Gmin = 1.58715e-008
vernier = 0.0833333
Gmin = 1.32488e-008
vernier = 0.111111
vernier = 0.148148
Gmin = 9.87287e-009
vernier = 0.197531
vernier = 0.263374
Gmin = 6.21962e-009
vernier = 0.351165
Gmin = 2.96871e-009
vernier = 0.46822
vernier = 0.624294
Gmin = 9.09115e-010
vernier = 0.832392
vernier = 1
Gmin = 1.51405e-010
Gmin = 1.6257e-011
Gmin = 1.74558e-012
Gmin = 1.8743e-013
Gmin = 0
Gmin stepping succeeded in finding the operating point.


Date: Wed Apr 09 22:36:21 2025
Total elapsed time: 0.317 seconds.

tnom = 27
temp = 27
method = trap
totiter = 11038
traniter = 0
tranpoints = 0
accept = 0
rejected = 0
matrix size = 22
fillins = 28
solver = Normal
Matrix Compiler1:     130 opcodes  0.7/[0.4]/0.8
Matrix Compiler2: 2.35 KB object code size  0.3/0.4/[0.2]

